../Core/Src/main.c:93:22:SPI_Receive	24	static
../Core/Src/main.c:108:22:SPI_Transmit	24	static
../Core/Src/main.c:123:10:GetTickMs	8	static
../Core/Src/main.c:127:6:DelayMs	16	static
../Core/Src/main.c:136:5:main	8	static
../Core/Src/main.c:188:6:SystemClock_Config	88	static
../Core/Src/main.c:229:13:MX_FDCAN1_Init	8	static
../Core/Src/main.c:272:13:MX_I2C3_Init	8	static
../Core/Src/main.c:320:13:MX_I2C4_Init	8	static
../Core/Src/main.c:368:13:MX_SPI1_Init	8	static
../Core/Src/main.c:408:13:MX_SPI3_Init	8	static
../Core/Src/main.c:448:13:MX_USART2_UART_Init	8	static
../Core/Src/main.c:496:13:MX_USART3_UART_Init	8	static
../Core/Src/main.c:542:13:MX_DMA_Init	24	static
../Core/Src/main.c:595:13:MX_GPIO_Init	32	static
../Core/Src/main.c:622:6:Error_Handler	4	static,ignoring_inline_asm
