../Core/Src/main.c:94:5:main	1
../Core/Src/main.c:146:6:SystemClock_Config	3
../Core/Src/main.c:187:13:MX_FDCAN1_Init	2
../Core/Src/main.c:230:13:MX_I2C3_Init	4
../Core/Src/main.c:278:13:MX_I2C4_Init	4
../Core/Src/main.c:326:13:MX_SPI1_Init	2
../Core/Src/main.c:366:13:MX_SPI3_Init	2
../Core/Src/main.c:406:13:MX_USART2_UART_Init	5
../Core/Src/main.c:454:13:MX_USART3_UART_Init	5
../Core/Src/main.c:500:13:MX_DMA_Init	1
../Core/Src/main.c:553:13:MX_GPIO_Init	1
../Core/Src/main.c:580:6:Error_Handler	1
