../Core/Src/main.c:97:22:SPI_Receive	24	static
../Core/Src/main.c:112:22:SPI_Transmit	24	static
../Core/Src/main.c:127:10:GetTickMs	8	static
../Core/Src/main.c:131:6:DelayMs	16	static
../Core/Src/main.c:140:5:main	8	static
../Core/Src/main.c:195:6:SystemClock_Config	88	static
../Core/Src/main.c:242:13:MX_FDCAN1_Init	8	static
../Core/Src/main.c:285:13:MX_I2C3_Init	8	static
../Core/Src/main.c:333:13:MX_I2C4_Init	8	static
../Core/Src/main.c:381:13:MX_SPI1_Init	8	static
../Core/Src/main.c:421:13:MX_SPI3_Init	8	static
../Core/Src/main.c:461:13:MX_TIM3_Init	48	static
../Core/Src/main.c:510:13:MX_TIM4_Init	48	static
../Core/Src/main.c:559:13:MX_USART1_UART_Init	8	static
../Core/Src/main.c:607:13:MX_USART3_UART_Init	8	static
../Core/Src/main.c:655:13:MX_USB_PCD_Init	8	static
../Core/Src/main.c:686:13:MX_DMA_Init	24	static
../Core/Src/main.c:727:13:MX_GPIO_Init	56	static
../Core/Src/main.c:802:6:Error_Handler	4	static,ignoring_inline_asm
